=== EINVAL ret=-22 comm=nfsd disk=nvme1n1 op=0x8801
  iter: sector=976799 size=786944 idx=63 bvec_done=3992 vcnt=0
  args: max_bytes=1040896 len_align_mask=0x3
  lim: dma=0x3 virt=0xfff lbs=512 max_segs=256 max_sectors=2040 chunk=0 fastseg=4096 segbound=0xffffffff
=== EINVAL ret=-22 comm=nfsd disk=nvme1n1 op=0x8801
  iter: sector=979358 size=525312 idx=127 bvec_done=3692 vcnt=0
  args: max_bytes=1041408 len_align_mask=0x3
  lim: dma=0x3 virt=0xfff lbs=512 max_segs=256 max_sectors=2040 chunk=0 fastseg=4096 segbound=0xffffffff
=== EINVAL ret=-22 comm=nfsd disk=nvme1n1 op=0x8801
  iter: sector=981918 size=263168 idx=191 bvec_done=3904 vcnt=0
  args: max_bytes=1041408 len_align_mask=0x3
  lim: dma=0x3 virt=0xfff lbs=512 max_segs=256 max_sectors=2040 chunk=0 fastseg=4096 segbound=0xffffffff
=== EINVAL ret=-22 comm=nfsd disk=nvme1n1 op=0x8801
  iter: sector=984477 size=1536 idx=255 bvec_done=3604 vcnt=0
  args: max_bytes=1041920 len_align_mask=0x3
  lim: dma=0x3 virt=0xfff lbs=512 max_segs=256 max_sectors=2040 chunk=0 fastseg=4096 segbound=0xffffffff
=== EINVAL ret=-22 comm=nfsd disk=nvme1n1 op=0x8801
  iter: sector=1075103 size=786944 idx=63 bvec_done=3992 vcnt=0
  args: max_bytes=1040896 len_align_mask=0x3
  lim: dma=0x3 virt=0xfff lbs=512 max_segs=256 max_sectors=2040 chunk=0 fastseg=4096 segbound=0xffffffff
=== EINVAL ret=-22 comm=nfsd disk=nvme1n1 op=0x8801
  iter: sector=1077662 size=525312 idx=127 bvec_done=3692 vcnt=0
  args: max_bytes=1041408 len_align_mask=0x3
  lim: dma=0x3 virt=0xfff lbs=512 max_segs=256 max_sectors=2040 chunk=0 fastseg=4096 segbound=0xffffffff
=== EINVAL ret=-22 comm=nfsd disk=nvme1n1 op=0x8801
  iter: sector=1080222 size=263168 idx=191 bvec_done=3904 vcnt=0
  args: max_bytes=1041408 len_align_mask=0x3
  lim: dma=0x3 virt=0xfff lbs=512 max_segs=256 max_sectors=2040 chunk=0 fastseg=4096 segbound=0xffffffff
=== EINVAL ret=-22 comm=nfsd disk=nvme1n1 op=0x8801
  iter: sector=1082781 size=1536 idx=255 bvec_done=3604 vcnt=0
  args: max_bytes=1041920 len_align_mask=0x3
  lim: dma=0x3 virt=0xfff lbs=512 max_segs=256 max_sectors=2040 chunk=0 fastseg=4096 segbound=0xffffffff
=== EINVAL ret=-22 comm=nfsd disk=nvme1n1 op=0x8801
  iter: sector=1161119 size=786944 idx=63 bvec_done=3992 vcnt=0
  args: max_bytes=1040896 len_align_mask=0x3
  lim: dma=0x3 virt=0xfff lbs=512 max_segs=256 max_sectors=2040 chunk=0 fastseg=4096 segbound=0xffffffff
=== EINVAL ret=-22 comm=nfsd disk=nvme1n1 op=0x8801
  iter: sector=1163678 size=525312 idx=127 bvec_done=3692 vcnt=0
  args: max_bytes=1041408 len_align_mask=0x3
  lim: dma=0x3 virt=0xfff lbs=512 max_segs=256 max_sectors=2040 chunk=0 fastseg=4096 segbound=0xffffffff
=== EINVAL ret=-22 comm=nfsd disk=nvme1n1 op=0x8801
  iter: sector=1166238 size=263168 idx=191 bvec_done=3904 vcnt=0
  args: max_bytes=1041408 len_align_mask=0x3
  lim: dma=0x3 virt=0xfff lbs=512 max_segs=256 max_sectors=2040 chunk=0 fastseg=4096 segbound=0xffffffff
=== EINVAL ret=-22 comm=nfsd disk=nvme1n1 op=0x8801
  iter: sector=1168797 size=1536 idx=255 bvec_done=3604 vcnt=0
  args: max_bytes=1041920 len_align_mask=0x3
  lim: dma=0x3 virt=0xfff lbs=512 max_segs=256 max_sectors=2040 chunk=0 fastseg=4096 segbound=0xffffffff
@rets[2048]: 1
@rets[1022]: 3
@rets[511]: 3
@rets[1534]: 3
@rets[5]: 3
@rets[-22]: 12
@rets[2040]: 962
@rets[0]: 19053


@rets[2048]: 1
@rets[1022]: 3
@rets[511]: 3
@rets[1534]: 3
@rets[5]: 3
@rets[-22]: 12
@rets[2040]: 962
@rets[0]: 19053
